{"synthetic": false,
 "schemaVersion": "2025-09-10",
 "outputs":
 {"o": ["1da8125e1a0568f5.olean"],
  "i": "7d742040fe5f1e4b.ilean",
  "c": "f92d2f019755ca8c.c"},
 "log":
 [{"message":
   ".> LEAN_PATH=/home/jmsbpp/apps/vol-markets/.worktrees/type-tickVolatility/.spec/REALIZED_VOLATILITY.lean/d9917276-397c-415e-bc84-ed728ad72ce5_aristotle/.lake/packages/Cli/.lake/build/lib/lean:/home/jmsbpp/apps/vol-markets/.worktrees/type-tickVolatility/.spec/REALIZED_VOLATILITY.lean/d9917276-397c-415e-bc84-ed728ad72ce5_aristotle/.lake/packages/batteries/.lake/build/lib/lean:/home/jmsbpp/apps/vol-markets/.worktrees/type-tickVolatility/.spec/REALIZED_VOLATILITY.lean/d9917276-397c-415e-bc84-ed728ad72ce5_aristotle/.lake/packages/Qq/.lake/build/lib/lean:/home/jmsbpp/apps/vol-markets/.worktrees/type-tickVolatility/.spec/REALIZED_VOLATILITY.lean/d9917276-397c-415e-bc84-ed728ad72ce5_aristotle/.lake/packages/aesop/.lake/build/lib/lean:/home/jmsbpp/apps/vol-markets/.worktrees/type-tickVolatility/.spec/REALIZED_VOLATILITY.lean/d9917276-397c-415e-bc84-ed728ad72ce5_aristotle/.lake/packages/proofwidgets/.lake/build/lib/lean:/home/jmsbpp/apps/vol-markets/.worktrees/type-tickVolatility/.spec/REALIZED_VOLATILITY.lean/d9917276-397c-415e-bc84-ed728ad72ce5_aristotle/.lake/packages/importGraph/.lake/build/lib/lean:/home/jmsbpp/apps/vol-markets/.worktrees/type-tickVolatility/.spec/REALIZED_VOLATILITY.lean/d9917276-397c-415e-bc84-ed728ad72ce5_aristotle/.lake/packages/LeanSearchClient/.lake/build/lib/lean:/home/jmsbpp/apps/vol-markets/.worktrees/type-tickVolatility/.spec/REALIZED_VOLATILITY.lean/d9917276-397c-415e-bc84-ed728ad72ce5_aristotle/.lake/packages/plausible/.lake/build/lib/lean:/home/jmsbpp/apps/vol-markets/.worktrees/type-tickVolatility/.spec/REALIZED_VOLATILITY.lean/d9917276-397c-415e-bc84-ed728ad72ce5_aristotle/.lake/packages/mathlib/.lake/build/lib/lean:/home/jmsbpp/apps/vol-markets/.worktrees/type-tickVolatility/.spec/REALIZED_VOLATILITY.lean/d9917276-397c-415e-bc84-ed728ad72ce5_aristotle/.lake/build/lib/lean /home/jmsbpp/.elan/toolchains/leanprover--lean4---v4.28.0/bin/lean /home/jmsbpp/apps/vol-markets/.worktrees/type-tickVolatility/.spec/REALIZED_VOLATILITY.lean/d9917276-397c-415e-bc84-ed728ad72ce5_aristotle/RequestProject/TickGSpaceControl.lean -o /home/jmsbpp/apps/vol-markets/.worktrees/type-tickVolatility/.spec/REALIZED_VOLATILITY.lean/d9917276-397c-415e-bc84-ed728ad72ce5_aristotle/.lake/build/lib/lean/RequestProject/TickGSpaceControl.olean -i /home/jmsbpp/apps/vol-markets/.worktrees/type-tickVolatility/.spec/REALIZED_VOLATILITY.lean/d9917276-397c-415e-bc84-ed728ad72ce5_aristotle/.lake/build/lib/lean/RequestProject/TickGSpaceControl.ilean -c /home/jmsbpp/apps/vol-markets/.worktrees/type-tickVolatility/.spec/REALIZED_VOLATILITY.lean/d9917276-397c-415e-bc84-ed728ad72ce5_aristotle/.lake/build/ir/RequestProject/TickGSpaceControl.c --setup /home/jmsbpp/apps/vol-markets/.worktrees/type-tickVolatility/.spec/REALIZED_VOLATILITY.lean/d9917276-397c-415e-bc84-ed728ad72ce5_aristotle/.lake/build/ir/RequestProject/TickGSpaceControl.setup.json --json",
   "level": "trace"}],
 "inputs":
 [["RequestProject.TickGSpaceControl:deps",
   [["deps",
     [["RequestProject/RequestProject:extraDep",
       [["@RequestProject:extraDep", "00000000000006bb"]]],
      ["imports",
       [["Mathlib transitive imports (legacy)", "8fd896a9b3011bd6"],
        ["Mathlib:importAllArts", "8fc2a9ec06d95bdc"],
        ["RequestProject.TickDualMapping transitive imports (legacy)",
         "12c1ba7185138d42"],
        ["RequestProject.TickDualMapping:importAllArts",
         "beaec9de549b9059"]]]]],
    ["libs",
     [["import dynlibs", "00000000000006bb"],
      ["package external libraries", "00000000000006bb"],
      ["module dynlibs", "00000000000006bb"],
      ["module plugins", "00000000000006bb"]]]]],
  ["Lean 4.28.0, commit 7e01a1bf5c70fc6167d49c345d3bf80596e9a79b",
   "a96bc04a2e5e9630"],
  ["/home/jmsbpp/apps/vol-markets/.worktrees/type-tickVolatility/.spec/REALIZED_VOLATILITY.lean/d9917276-397c-415e-bc84-ed728ad72ce5_aristotle/RequestProject/TickGSpaceControl.lean",
   "88fe33ac45ff7dc2"],
  ["options", "00000000000006bb"],
  ["Module.leanArgs: #[]", "00000000000006bb"]],
 "depHash": "22e85550b9a25cd7"}