{"synthetic": false,
 "schemaVersion": "2025-09-10",
 "outputs":
 {"o": ["a9fed591a611b5fa.olean"],
  "i": "c2bb6c22c5950e4e.ilean",
  "c": "7863d298840d723f.c"},
 "log":
 [{"message":
   ".> LEAN_PATH=/home/jmsbpp/apps/vol-markets/.worktrees/type-tickVolatility/.spec/REALIZED_VOLATILITY.lean/725ab343-f4a2-4e07-9c48-2f88146bf985_aristotle/.lake/packages/Cli/.lake/build/lib/lean:/home/jmsbpp/apps/vol-markets/.worktrees/type-tickVolatility/.spec/REALIZED_VOLATILITY.lean/725ab343-f4a2-4e07-9c48-2f88146bf985_aristotle/.lake/packages/batteries/.lake/build/lib/lean:/home/jmsbpp/apps/vol-markets/.worktrees/type-tickVolatility/.spec/REALIZED_VOLATILITY.lean/725ab343-f4a2-4e07-9c48-2f88146bf985_aristotle/.lake/packages/Qq/.lake/build/lib/lean:/home/jmsbpp/apps/vol-markets/.worktrees/type-tickVolatility/.spec/REALIZED_VOLATILITY.lean/725ab343-f4a2-4e07-9c48-2f88146bf985_aristotle/.lake/packages/aesop/.lake/build/lib/lean:/home/jmsbpp/apps/vol-markets/.worktrees/type-tickVolatility/.spec/REALIZED_VOLATILITY.lean/725ab343-f4a2-4e07-9c48-2f88146bf985_aristotle/.lake/packages/proofwidgets/.lake/build/lib/lean:/home/jmsbpp/apps/vol-markets/.worktrees/type-tickVolatility/.spec/REALIZED_VOLATILITY.lean/725ab343-f4a2-4e07-9c48-2f88146bf985_aristotle/.lake/packages/importGraph/.lake/build/lib/lean:/home/jmsbpp/apps/vol-markets/.worktrees/type-tickVolatility/.spec/REALIZED_VOLATILITY.lean/725ab343-f4a2-4e07-9c48-2f88146bf985_aristotle/.lake/packages/LeanSearchClient/.lake/build/lib/lean:/home/jmsbpp/apps/vol-markets/.worktrees/type-tickVolatility/.spec/REALIZED_VOLATILITY.lean/725ab343-f4a2-4e07-9c48-2f88146bf985_aristotle/.lake/packages/plausible/.lake/build/lib/lean:/home/jmsbpp/apps/vol-markets/.worktrees/type-tickVolatility/.spec/REALIZED_VOLATILITY.lean/725ab343-f4a2-4e07-9c48-2f88146bf985_aristotle/.lake/packages/mathlib/.lake/build/lib/lean:/home/jmsbpp/apps/vol-markets/.worktrees/type-tickVolatility/.spec/REALIZED_VOLATILITY.lean/725ab343-f4a2-4e07-9c48-2f88146bf985_aristotle/.lake/build/lib/lean /home/jmsbpp/.elan/toolchains/leanprover--lean4---v4.28.0/bin/lean /home/jmsbpp/apps/vol-markets/.worktrees/type-tickVolatility/.spec/REALIZED_VOLATILITY.lean/725ab343-f4a2-4e07-9c48-2f88146bf985_aristotle/RequestProject/Main.lean -o /home/jmsbpp/apps/vol-markets/.worktrees/type-tickVolatility/.spec/REALIZED_VOLATILITY.lean/725ab343-f4a2-4e07-9c48-2f88146bf985_aristotle/.lake/build/lib/lean/RequestProject/Main.olean -i /home/jmsbpp/apps/vol-markets/.worktrees/type-tickVolatility/.spec/REALIZED_VOLATILITY.lean/725ab343-f4a2-4e07-9c48-2f88146bf985_aristotle/.lake/build/lib/lean/RequestProject/Main.ilean -c /home/jmsbpp/apps/vol-markets/.worktrees/type-tickVolatility/.spec/REALIZED_VOLATILITY.lean/725ab343-f4a2-4e07-9c48-2f88146bf985_aristotle/.lake/build/ir/RequestProject/Main.c --setup /home/jmsbpp/apps/vol-markets/.worktrees/type-tickVolatility/.spec/REALIZED_VOLATILITY.lean/725ab343-f4a2-4e07-9c48-2f88146bf985_aristotle/.lake/build/ir/RequestProject/Main.setup.json --json",
   "level": "trace"}],
 "inputs":
 [["RequestProject.Main:deps",
   [["deps",
     [["RequestProject/RequestProject:extraDep",
       [["@RequestProject:extraDep", "00000000000006bb"]]],
      ["imports",
       [["Mathlib transitive imports (legacy)", "8fd896a9b3011bd6"],
        ["Mathlib:importAllArts", "8fc2a9ec06d95bdc"]]]]],
    ["libs",
     [["import dynlibs", "00000000000006bb"],
      ["package external libraries", "00000000000006bb"],
      ["module dynlibs", "00000000000006bb"],
      ["module plugins", "00000000000006bb"]]]]],
  ["Lean 4.28.0, commit 7e01a1bf5c70fc6167d49c345d3bf80596e9a79b",
   "a96bc04a2e5e9630"],
  ["/home/jmsbpp/apps/vol-markets/.worktrees/type-tickVolatility/.spec/REALIZED_VOLATILITY.lean/725ab343-f4a2-4e07-9c48-2f88146bf985_aristotle/RequestProject/Main.lean",
   "5adcf73a84d975f9"],
  ["options", "00000000000006bb"],
  ["Module.leanArgs: #[]", "00000000000006bb"]],
 "depHash": "6930995b596b13d0"}