{"synthetic": false,
 "schemaVersion": "2025-09-10",
 "outputs":
 {"o": ["d5f1ee22315248ef.olean"],
  "i": "4c2aa57aac592a31.ilean",
  "c": "dc7fd5504d151b8e.c"},
 "log":
 [{"message":
   ".> LEAN_PATH=/home/jmsbpp/apps/vol-markets/.worktrees/type-tickVolatility/.spec/REALIZED_VOLATILITY.lean/ad1c3b4c-d1bc-49d4-b32a-a568e6d09a44_aristotle/.lake/packages/Cli/.lake/build/lib/lean:/home/jmsbpp/apps/vol-markets/.worktrees/type-tickVolatility/.spec/REALIZED_VOLATILITY.lean/ad1c3b4c-d1bc-49d4-b32a-a568e6d09a44_aristotle/.lake/packages/batteries/.lake/build/lib/lean:/home/jmsbpp/apps/vol-markets/.worktrees/type-tickVolatility/.spec/REALIZED_VOLATILITY.lean/ad1c3b4c-d1bc-49d4-b32a-a568e6d09a44_aristotle/.lake/packages/Qq/.lake/build/lib/lean:/home/jmsbpp/apps/vol-markets/.worktrees/type-tickVolatility/.spec/REALIZED_VOLATILITY.lean/ad1c3b4c-d1bc-49d4-b32a-a568e6d09a44_aristotle/.lake/packages/aesop/.lake/build/lib/lean:/home/jmsbpp/apps/vol-markets/.worktrees/type-tickVolatility/.spec/REALIZED_VOLATILITY.lean/ad1c3b4c-d1bc-49d4-b32a-a568e6d09a44_aristotle/.lake/packages/proofwidgets/.lake/build/lib/lean:/home/jmsbpp/apps/vol-markets/.worktrees/type-tickVolatility/.spec/REALIZED_VOLATILITY.lean/ad1c3b4c-d1bc-49d4-b32a-a568e6d09a44_aristotle/.lake/packages/importGraph/.lake/build/lib/lean:/home/jmsbpp/apps/vol-markets/.worktrees/type-tickVolatility/.spec/REALIZED_VOLATILITY.lean/ad1c3b4c-d1bc-49d4-b32a-a568e6d09a44_aristotle/.lake/packages/LeanSearchClient/.lake/build/lib/lean:/home/jmsbpp/apps/vol-markets/.worktrees/type-tickVolatility/.spec/REALIZED_VOLATILITY.lean/ad1c3b4c-d1bc-49d4-b32a-a568e6d09a44_aristotle/.lake/packages/plausible/.lake/build/lib/lean:/home/jmsbpp/apps/vol-markets/.worktrees/type-tickVolatility/.spec/REALIZED_VOLATILITY.lean/ad1c3b4c-d1bc-49d4-b32a-a568e6d09a44_aristotle/.lake/packages/mathlib/.lake/build/lib/lean:/home/jmsbpp/apps/vol-markets/.worktrees/type-tickVolatility/.spec/REALIZED_VOLATILITY.lean/ad1c3b4c-d1bc-49d4-b32a-a568e6d09a44_aristotle/.lake/build/lib/lean /home/jmsbpp/.elan/toolchains/leanprover--lean4---v4.28.0/bin/lean /home/jmsbpp/apps/vol-markets/.worktrees/type-tickVolatility/.spec/REALIZED_VOLATILITY.lean/ad1c3b4c-d1bc-49d4-b32a-a568e6d09a44_aristotle/RequestProject/TickControlLayer.lean -o /home/jmsbpp/apps/vol-markets/.worktrees/type-tickVolatility/.spec/REALIZED_VOLATILITY.lean/ad1c3b4c-d1bc-49d4-b32a-a568e6d09a44_aristotle/.lake/build/lib/lean/RequestProject/TickControlLayer.olean -i /home/jmsbpp/apps/vol-markets/.worktrees/type-tickVolatility/.spec/REALIZED_VOLATILITY.lean/ad1c3b4c-d1bc-49d4-b32a-a568e6d09a44_aristotle/.lake/build/lib/lean/RequestProject/TickControlLayer.ilean -c /home/jmsbpp/apps/vol-markets/.worktrees/type-tickVolatility/.spec/REALIZED_VOLATILITY.lean/ad1c3b4c-d1bc-49d4-b32a-a568e6d09a44_aristotle/.lake/build/ir/RequestProject/TickControlLayer.c --setup /home/jmsbpp/apps/vol-markets/.worktrees/type-tickVolatility/.spec/REALIZED_VOLATILITY.lean/ad1c3b4c-d1bc-49d4-b32a-a568e6d09a44_aristotle/.lake/build/ir/RequestProject/TickControlLayer.setup.json --json",
   "level": "trace"}],
 "inputs":
 [["RequestProject.TickControlLayer:deps",
   [["deps",
     [["RequestProject/RequestProject:extraDep",
       [["@RequestProject:extraDep", "00000000000006bb"]]],
      ["imports",
       [["Mathlib transitive imports (legacy)", "8fd896a9b3011bd6"],
        ["Mathlib:importAllArts", "8fc2a9ec06d95bdc"],
        ["RequestProject.TickDualMapping transitive imports (legacy)",
         "12c1ba7185138d42"],
        ["RequestProject.TickDualMapping:importAllArts",
         "beaec9de549b9059"]]]]],
    ["libs",
     [["import dynlibs", "00000000000006bb"],
      ["package external libraries", "00000000000006bb"],
      ["module dynlibs", "00000000000006bb"],
      ["module plugins", "00000000000006bb"]]]]],
  ["Lean 4.28.0, commit 7e01a1bf5c70fc6167d49c345d3bf80596e9a79b",
   "a96bc04a2e5e9630"],
  ["/home/jmsbpp/apps/vol-markets/.worktrees/type-tickVolatility/.spec/REALIZED_VOLATILITY.lean/ad1c3b4c-d1bc-49d4-b32a-a568e6d09a44_aristotle/RequestProject/TickControlLayer.lean",
   "41f69e0d0a0cd0db"],
  ["options", "00000000000006bb"],
  ["Module.leanArgs: #[]", "00000000000006bb"]],
 "depHash": "47cbabcfb785dc25"}