{"synthetic": false,
 "schemaVersion": "2025-09-10",
 "outputs":
 {"o": ["8d718fbcf314275a.olean"],
  "i": "addc226e418329dd.ilean",
  "c": "a3faf3ebeb3888c7.c"},
 "log":
 [{"message":
   ".> LEAN_PATH=/home/jmsbpp/apps/vol-markets/.worktrees/type-tickVolatility/.spec/REALIZED_VOLATILITY.lean/ad1c3b4c-d1bc-49d4-b32a-a568e6d09a44_aristotle/.lake/packages/Cli/.lake/build/lib/lean:/home/jmsbpp/apps/vol-markets/.worktrees/type-tickVolatility/.spec/REALIZED_VOLATILITY.lean/ad1c3b4c-d1bc-49d4-b32a-a568e6d09a44_aristotle/.lake/packages/batteries/.lake/build/lib/lean:/home/jmsbpp/apps/vol-markets/.worktrees/type-tickVolatility/.spec/REALIZED_VOLATILITY.lean/ad1c3b4c-d1bc-49d4-b32a-a568e6d09a44_aristotle/.lake/packages/Qq/.lake/build/lib/lean:/home/jmsbpp/apps/vol-markets/.worktrees/type-tickVolatility/.spec/REALIZED_VOLATILITY.lean/ad1c3b4c-d1bc-49d4-b32a-a568e6d09a44_aristotle/.lake/packages/aesop/.lake/build/lib/lean:/home/jmsbpp/apps/vol-markets/.worktrees/type-tickVolatility/.spec/REALIZED_VOLATILITY.lean/ad1c3b4c-d1bc-49d4-b32a-a568e6d09a44_aristotle/.lake/packages/proofwidgets/.lake/build/lib/lean:/home/jmsbpp/apps/vol-markets/.worktrees/type-tickVolatility/.spec/REALIZED_VOLATILITY.lean/ad1c3b4c-d1bc-49d4-b32a-a568e6d09a44_aristotle/.lake/packages/importGraph/.lake/build/lib/lean:/home/jmsbpp/apps/vol-markets/.worktrees/type-tickVolatility/.spec/REALIZED_VOLATILITY.lean/ad1c3b4c-d1bc-49d4-b32a-a568e6d09a44_aristotle/.lake/packages/LeanSearchClient/.lake/build/lib/lean:/home/jmsbpp/apps/vol-markets/.worktrees/type-tickVolatility/.spec/REALIZED_VOLATILITY.lean/ad1c3b4c-d1bc-49d4-b32a-a568e6d09a44_aristotle/.lake/packages/plausible/.lake/build/lib/lean:/home/jmsbpp/apps/vol-markets/.worktrees/type-tickVolatility/.spec/REALIZED_VOLATILITY.lean/ad1c3b4c-d1bc-49d4-b32a-a568e6d09a44_aristotle/.lake/packages/mathlib/.lake/build/lib/lean:/home/jmsbpp/apps/vol-markets/.worktrees/type-tickVolatility/.spec/REALIZED_VOLATILITY.lean/ad1c3b4c-d1bc-49d4-b32a-a568e6d09a44_aristotle/.lake/build/lib/lean /home/jmsbpp/.elan/toolchains/leanprover--lean4---v4.28.0/bin/lean /home/jmsbpp/apps/vol-markets/.worktrees/type-tickVolatility/.spec/REALIZED_VOLATILITY.lean/ad1c3b4c-d1bc-49d4-b32a-a568e6d09a44_aristotle/RequestProject/TickDualMapping.lean -o /home/jmsbpp/apps/vol-markets/.worktrees/type-tickVolatility/.spec/REALIZED_VOLATILITY.lean/ad1c3b4c-d1bc-49d4-b32a-a568e6d09a44_aristotle/.lake/build/lib/lean/RequestProject/TickDualMapping.olean -i /home/jmsbpp/apps/vol-markets/.worktrees/type-tickVolatility/.spec/REALIZED_VOLATILITY.lean/ad1c3b4c-d1bc-49d4-b32a-a568e6d09a44_aristotle/.lake/build/lib/lean/RequestProject/TickDualMapping.ilean -c /home/jmsbpp/apps/vol-markets/.worktrees/type-tickVolatility/.spec/REALIZED_VOLATILITY.lean/ad1c3b4c-d1bc-49d4-b32a-a568e6d09a44_aristotle/.lake/build/ir/RequestProject/TickDualMapping.c --setup /home/jmsbpp/apps/vol-markets/.worktrees/type-tickVolatility/.spec/REALIZED_VOLATILITY.lean/ad1c3b4c-d1bc-49d4-b32a-a568e6d09a44_aristotle/.lake/build/ir/RequestProject/TickDualMapping.setup.json --json",
   "level": "trace"}],
 "inputs":
 [["RequestProject.TickDualMapping:deps",
   [["deps",
     [["RequestProject/RequestProject:extraDep",
       [["@RequestProject:extraDep", "00000000000006bb"]]],
      ["imports",
       [["Mathlib transitive imports (legacy)", "8fd896a9b3011bd6"],
        ["Mathlib:importAllArts", "8fc2a9ec06d95bdc"]]]]],
    ["libs",
     [["import dynlibs", "00000000000006bb"],
      ["package external libraries", "00000000000006bb"],
      ["module dynlibs", "00000000000006bb"],
      ["module plugins", "00000000000006bb"]]]]],
  ["Lean 4.28.0, commit 7e01a1bf5c70fc6167d49c345d3bf80596e9a79b",
   "a96bc04a2e5e9630"],
  ["/home/jmsbpp/apps/vol-markets/.worktrees/type-tickVolatility/.spec/REALIZED_VOLATILITY.lean/ad1c3b4c-d1bc-49d4-b32a-a568e6d09a44_aristotle/RequestProject/TickDualMapping.lean",
   "f31f3c5143cf2716"],
  ["options", "00000000000006bb"],
  ["Module.leanArgs: #[]", "00000000000006bb"]],
 "depHash": "63c9d4d7e25e5de0"}